Traceback (most recent call last):
  File "/opt/hostedtoolcache/Python/3.11.15/x64/lib/python3.11/site-packages/jupyter_cache/executors/utils.py", line 58, in single_nb_execution
    executenb(
  File "/opt/hostedtoolcache/Python/3.11.15/x64/lib/python3.11/site-packages/nbclient/client.py", line 1323, in execute
    return NotebookClient(nb=nb, resources=resources, km=km, **kwargs).execute()
           ^^^^^^^^^^^^^^^^^^^^^^^^^^^^^^^^^^^^^^^^^^^^^^^^^^^^^^^^^^^^^^^^^^^^^
  File "/opt/hostedtoolcache/Python/3.11.15/x64/lib/python3.11/site-packages/jupyter_core/utils/__init__.py", line 165, in wrapped
    return loop.run_until_complete(inner)
           ^^^^^^^^^^^^^^^^^^^^^^^^^^^^^^
  File "/opt/hostedtoolcache/Python/3.11.15/x64/lib/python3.11/asyncio/base_events.py", line 654, in run_until_complete
    return future.result()
           ^^^^^^^^^^^^^^^
  File "/opt/hostedtoolcache/Python/3.11.15/x64/lib/python3.11/site-packages/nbclient/client.py", line 709, in async_execute
    await self.async_execute_cell(
  File "/opt/hostedtoolcache/Python/3.11.15/x64/lib/python3.11/site-packages/nbclient/client.py", line 1062, in async_execute_cell
    await self._check_raise_for_error(cell, cell_index, exec_reply)
  File "/opt/hostedtoolcache/Python/3.11.15/x64/lib/python3.11/site-packages/nbclient/client.py", line 918, in _check_raise_for_error
    raise CellExecutionError.from_cell_and_msg(cell, exec_reply_content)
nbclient.exceptions.CellExecutionError: An error occurred while executing the following cell:
------------------
#3. Create a **Code Cell** below it and paste:
#     ```python
import numpy as np
a = np.array([1, 2, 3, 4])
b = np.array([10, 20, 30, 40])
# Vectorized Addition and Multiplication
print("Addition:", a + b)
print("Multiplication:", a * 2)
print("Square Root:", np.sqrt(b))
# ```
------------------


[31m---------------------------------------------------------------------------[39m
[31mModuleNotFoundError[39m                       Traceback (most recent call last)
[36mCell[39m[36m [39m[32mIn[1][39m[32m, line 3[39m
[32m      1[39m [38;5;66;03m#3. Create a **Code Cell** below it and paste:[39;00m
[32m      2[39m [38;5;66;03m#     ```python[39;00m
[32m----> [39m[32m3[39m [38;5;28;01mimport[39;00m numpy [38;5;28;01mas[39;00m np
[32m      4[39m a = np.array([[32m1[39m, [32m2[39m, [32m3[39m, [32m4[39m])
[32m      5[39m b = np.array([[32m10[39m, [32m20[39m, [32m30[39m, [32m40[39m])
[32m      6[39m [38;5;66;03m# Vectorized Addition and Multiplication[39;00m

[31mModuleNotFoundError[39m: No module named 'numpy'

